[17:30:22] [main/INFO]: Loading Minecraft 1.20.1 with Fabric Loader 0.19.3
[17:30:23] [ForkJoinPool-1-worker-2/WARN]: Mod getittogetherdrops uses the version fabric-1.20-1.3.1 which isn't compatible with Loader's extended semantic version format (Could not parse version number component 'fabric'!), SemVer is recommended for reliably evaluating dependencies and prioritizing newer version
[17:30:23] [main/WARN]: Warnings were found!
 - Mod 'Debugify' (debugify) 1.20.1+2.0 recommends any 3.x version of yet-another-config-lib, which is missing!
	 - You should install any 3.x version of yet-another-config-lib for the optimal experience.
 - Mod 'Debugify' (debugify) 1.20.1+2.0 recommends any version of modmenu, which is missing!
	 - You should install any version of modmenu for the optimal experience.
[17:30:24] [main/INFO]: Loading 141 mods:
	- accessories 1.0.0-beta.48+1.20.1
	   |-- io_wispforest_endec 0.1.8
	   |-- io_wispforest_endec_gson 0.1.5
	   \-- io_wispforest_endec_netty 0.1.4
	- almanac 1.0.2
	- architectury 9.2.14
	- backpacked 3.0.9
	- balm 7.3.41
	   \-- kuma_api 20.1.12
	- bettervillage 3.3.1
	- biomesoplenty 19.0.0.96
	- chunkloaders 1.2.9
	- chunky 1.3.146
	- cloth-config 11.1.136
	   \-- cloth-basic-math 0.6.1
	- clumps 12.0.0.4
	- collective 8.39
	- combatroll 1.3.3+1.20.1
	- comforts 6.4.0+1.20.1
	   |-- cardinal-components-base 5.2.1
	   |-- cardinal-components-entity 5.2.1
	   \-- spectrelib 0.13.15+1.20.1
	- corail_woodcutter 3.0.6
	- coroutil 1.20.1-1.3.7
	- debugify 1.20.1+2.0
	- doubledoors 7.2
	- dynamiclights 1.9.3+mod
	- explorerscompass 1.20.1-2.6.0-fabric
	- explorify 1.6.5
	- fabric-api 0.92.11+1.20.1
	   |-- fabric-api-base 0.4.32+1802ada577
	   |-- fabric-api-lookup-api-v1 1.6.37+1802ada577
	   |-- fabric-biome-api-v1 13.0.15+93aa238b77
	   |-- fabric-block-api-v1 1.0.12+1802ada577
	   |-- fabric-block-view-api-v2 1.0.3+924f046a77
	   |-- fabric-blockrenderlayer-v1 1.1.42+1802ada577
	   |-- fabric-client-tags-api-v1 1.2.0+238242b777
	   |-- fabric-command-api-v1 1.2.35+f71b366f77
	   |-- fabric-command-api-v2 2.2.14+1802ada577
	   |-- fabric-commands-v0 0.2.52+df3654b377
	   |-- fabric-containers-v0 0.1.68+df3654b377
	   |-- fabric-content-registries-v0 4.0.13+1802ada577
	   |-- fabric-convention-tags-v1 1.5.6+1802ada577
	   |-- fabric-crash-report-info-v1 0.2.20+1802ada577
	   |-- fabric-data-attachment-api-v1 1.0.2+de0fd6d177
	   |-- fabric-data-generation-api-v1 12.4.0+238242b777
	   |-- fabric-dimensions-v1 2.1.55+1802ada577
	   |-- fabric-entity-events-v1 1.6.1+1c78457f77
	   |-- fabric-events-interaction-v0 0.6.6+13a40c6677
	   |-- fabric-events-lifecycle-v0 0.2.64+df3654b377
	   |-- fabric-game-rule-api-v1 1.0.41+1802ada577
	   |-- fabric-item-api-v1 2.1.29+1802ada577
	   |-- fabric-item-group-api-v1 4.0.14+1802ada577
	   |-- fabric-key-binding-api-v1 1.0.38+1802ada577
	   |-- fabric-keybindings-v0 0.2.36+df3654b377
	   |-- fabric-lifecycle-events-v1 2.2.23+1802ada577
	   |-- fabric-loot-api-v2 1.2.3+1802ada577
	   |-- fabric-loot-tables-v1 1.1.47+9e7660c677
	   |-- fabric-message-api-v1 5.1.10+1802ada577
	   |-- fabric-mining-level-api-v1 2.1.52+1802ada577
	   |-- fabric-model-loading-api-v1 1.0.4+1802ada577
	   |-- fabric-models-v0 0.4.3+9386d8a777
	   |-- fabric-networking-api-v1 1.3.15+0caff8d077
	   |-- fabric-networking-v0 0.3.55+df3654b377
	   |-- fabric-object-builder-api-v1 11.1.5+e35120df77
	   |-- fabric-particles-v1 1.1.3+1802ada577
	   |-- fabric-recipe-api-v1 1.0.25+1802ada577
	   |-- fabric-registry-sync-v0 2.4.1+4c0a70e677
	   |-- fabric-renderer-api-v1 3.2.2+1802ada577
	   |-- fabric-renderer-indigo 1.5.3+85287f9f77
	   |-- fabric-renderer-registries-v1 3.2.47+df3654b377
	   |-- fabric-rendering-data-attachment-v1 0.3.39+92a0d36777
	   |-- fabric-rendering-fluids-v1 3.0.29+1802ada577
	   |-- fabric-rendering-v0 1.1.50+df3654b377
	   |-- fabric-rendering-v1 3.0.9+1802ada577
	   |-- fabric-resource-conditions-api-v1 2.3.9+1802ada577
	   |-- fabric-resource-loader-v0 0.11.12+fb82e9d777
	   |-- fabric-screen-api-v1 2.0.9+1802ada577
	   |-- fabric-screen-handler-api-v1 1.3.34+1802ada577
	   |-- fabric-sound-api-v1 1.0.14+1802ada577
	   |-- fabric-tag-api-v1 1.3.0+238242b777
	   |-- fabric-transfer-api-v1 3.3.6+8dd72ea377
	   \-- fabric-transitive-access-wideners-v1 4.3.2+1802ada577
	- fabricloader 0.19.3
	   \-- mixinextras 0.5.4
	- fantasy_weapons 0.3.1-1.20.1
	- ferritecore 6.0.1
	- fokusapi 4.5
	- forgeconfigapiport 8.0.3
	- framework 0.8.0
	   |-- org_javassist_javassist 3.29.2-GA
	   \-- org_reflections_reflections 0.10.2
	- getittogetherdrops fabric-1.20-1.3.1
	- glitchcore 0.0.1.1
	   |-- com_electronwill_night-config_core 3.6.7
	   |-- com_electronwill_night-config_toml 3.6.7
	   \-- net_jodah_typetools 0.6.3
	- improved_village_placement 1.1.2
	- java 17
	- jei 15.49.0.191
	- letmedespawn 1.5.0
	- libraryferret 4.0.0
	- lithium 0.11.4
	- lithostitched 1.4.11
	- littlejoys 20.1.18
	- lootr 0.7.35.86
	- memoryleakfix 1.1.5
	- midnightlib 1.9.3
	- minecraft 1.20.1
	- modernfix 5.25.2+mc1.20.1
	- naturescompass 1.20.1-2.6.0-fabric
	- nerb 0.4.1
	- octolib 0.5.0.1
	   \-- org_yaml_snakeyaml 2.2
	- player-animator 1.0.2-rc1+1.20
	- repurposed_structures 7.1.25+1.20.1-fabric
	- resourcefulconfig 2.1.3
	- servercore 1.5.2+1.20.1
	   |-- fabric-permissions-api-v0 0.3.1
	   |-- org_yaml_snakeyaml 2.2
	   |-- placeholder-api 2.1.3+1.20.1
	   |-- space_arim_dazzleconf_dazzleconf-core 1.3.0-M2
	   \-- space_arim_dazzleconf_dazzleconf-ext-snakeyaml 1.3.0-M2
	- spark 1.10.53
	- starterkit 8.1
	- supermartijn642configlib 1.1.8+a
	- supermartijn642corelib 1.1.24
	- terrablender 3.0.1.10
	   |-- com_electronwill_night-config_core 3.6.7
	   \-- com_electronwill_night-config_toml 3.6.7
	- trade_cycling 1.20.1-1.0.18
	   |-- fabric-key-binding-api-v1 1.0.36+fb8d95da82
	   \-- fabric-screen-api-v1 2.0.6+b3afc78b82
	- treechop 0.19.0
	- universal-graves 3.0.3+1.20.1
	   |-- common-protection-api 1.0.0
	   |-- placeholder-api 2.1.3+1.20.1
	   |-- polymer-core 0.5.19+1.20.1
	   |    |-- polymer-networking 0.5.19+1.20.1
	   |    |    \-- polymer-common 0.5.19+1.20.1
	   |    |         \-- packet_tweaker 0.4.0+1.19.4
	   |    \-- polymer-registry-sync-manipulator 0.5.19+1.20.1
	   |-- polymer-resource-pack 0.5.19+1.20.1
	   |    \-- polymer-common 0.5.19+1.20.1
	   |         \-- packet_tweaker 0.4.0+1.19.4
	   |-- polymer-virtual-entity 0.5.19+1.20.1
	   |    \-- polymer-common 0.5.19+1.20.1
	   |         \-- packet_tweaker 0.4.0+1.19.4
	   |-- predicate-api 0.2.1+1.20.1
	   |-- server_translations_api 2.0.0+1.20
	   |    \-- packet_tweaker 0.4.0+1.19.4
	   \-- sgui 1.2.2+1.20
	- villagespawnpoint 4.6
	- waystones 14.1.20
	- xfermium 1.1.5
	- yet_another_config_lib_v3 3.6.6+1.20.1-fabric
	   |-- com_twelvemonkeys_common_common-image 3.12.0
	   |-- com_twelvemonkeys_common_common-io 3.12.0
	   |-- com_twelvemonkeys_common_common-lang 3.12.0
	   |-- com_twelvemonkeys_imageio_imageio-core 3.12.0
	   |-- com_twelvemonkeys_imageio_imageio-metadata 3.12.0
	   |-- com_twelvemonkeys_imageio_imageio-webp 3.12.0
	   |-- org_quiltmc_parsers_gson 0.2.1
	   \-- org_quiltmc_parsers_json 0.2.1
	- zombieawareness 1.20.1-1.13.1
[17:30:24] [main/INFO]: SpongePowered MIXIN Subsystem Version=0.8.7 Source=file:/workspaces/Server/servidor_minecraft/libraries/net/fabricmc/sponge-mixin/0.17.3+mixin.0.8.7/sponge-mixin-0.17.3+mixin.0.8.7.jar Service=Knot/Fabric Env=SERVER
[17:30:24] [main/INFO]: Compatibility level set to JAVA_17
[17:30:25] [main/WARN]: Reference map 'coroutil.refmap.json' for coroutil_fabric.mixins.json could not be read. If this is a development environment you can ignore this message
[17:30:25] [main/INFO]: Preloading Debugify
[17:30:25] [main/INFO]: Loaded configuration file for Lithium: 131 options available, 2 override(s) found
[17:30:26] [main/WARN]: Reference map 'memoryleakfix-fabric-1.17+-fabric-refmap.json' for memoryleakfix-fabric.mixins.json could not be read. If this is a development environment you can ignore this message
[17:30:26] [main/INFO]: Loaded configuration file for ModernFix 5.25.2+mc1.20.1: 71 options available, 0 override(s) found
[17:30:26] [main/INFO]: Applying Nashorn fix
[17:30:26] [main/WARN]: Reference map 'OctoLib-COMMON-common-refmap.json' for octolib-common.mixins.json could not be read. If this is a development environment you can ignore this message
[17:30:26] [main/WARN]: Reference map 'repurposed_structures.refmap.json' for repurposed_structures-fabric.mixins.json could not be read. If this is a development environment you can ignore this message
[17:30:26] [main/WARN]: Reference map 'repurposed_structures.refmap.json' for repurposed_structures-common.mixins.json could not be read. If this is a development environment you can ignore this message
[17:30:26] [main/WARN]: Reference map 'supermartijn642configlib.mixins.refmap.json' for supermartijn642configlib.mixins.json could not be read. If this is a development environment you can ignore this message
[17:30:26] [main/WARN]: Reference map 'supermartijn642corelib.mixins.refmap.json' for supermartijn642corelib.mixins.json could not be read. If this is a development environment you can ignore this message
[17:30:26] [main/WARN]: Error loading class: net/minecraft/class_761 (java.lang.ClassNotFoundException: net/minecraft/class_761)
[17:30:26] [main/WARN]: @Mixin target net.minecraft.class_761 was not found accessories-common.mixins.json:LevelRendererAccessor from mod accessories
[17:30:27] [main/WARN]: Force-disabling mixin 'alloc.blockstate.StateMixin' as rule 'mixin.alloc.blockstate' (added by mods [ferritecore]) disables it and children
[17:30:27] [main/WARN]: Force-disabling mixin 'alloc.chunk_ticking.ServerChunkManagerMixin' as rule 'mixin.alloc.chunk_ticking' (added by mods [servercore]) disables it and children
[17:30:27] [main/WARN]: Error loading class: com/li64/tide/registries/entities/misc/fishing/TideFishingHook (java.lang.ClassNotFoundException: com/li64/tide/registries/entities/misc/fishing/TideFishingHook)
[17:30:27] [main/WARN]: @Mixin target com.li64.tide.registries.entities.misc.fishing.TideFishingHook was not found littlejoys.fabric.mixins.json:TideFishingHookMixin from mod littlejoys
[17:30:28] [main/WARN]: Error loading class: com/simibubi/create/content/kinetics/base/BlockBreakingKineticBlockEntity (java.lang.ClassNotFoundException: com/simibubi/create/content/kinetics/base/BlockBreakingKineticBlockEntity)
[17:30:28] [main/WARN]: Error loading class: net/minecraft/class_1132 (java.lang.ClassNotFoundException: net/minecraft/class_1132)
[17:30:28] [main/WARN]: @Mixin target net.minecraft.class_1132 was not found zombieawareness.mixins_fabric.json:MixinIntegratedServer from mod zombieawareness
[17:30:28] [main/INFO]: [MemoryLeakFix] Will be applying 1 memory leak fixes!
[17:30:28] [main/INFO]: [MemoryLeakFix] Currently enabled memory leak fixes: [biomeTemperatureLeak]
[17:30:28] [main/INFO]: Initializing MixinExtras via com.llamalad7.mixinextras.service.MixinExtrasServiceImpl(version=0.5.4).
[17:30:30] [main/WARN]: @ModifyVariable(@At("INVOKE")) Shift.BY=2 on accessories-fabric.mixins.json:LivingEntityMixin from mod accessories::localvar$zza000$accessories$adjustLooting exceeds the maximum allowed value: 0. Increase the value of maxShiftBy to suppress this warning.
[17:30:31] [main/INFO]: Injecting BlockStateBase cache population hook into getNeighborPathNodeType from me.jellysquid.mods.lithium.mixin.ai.pathing.AbstractBlockStateMixin
[17:30:31] [main/INFO]: Injecting BlockStateBase cache population hook into getPathNodeType from me.jellysquid.mods.lithium.mixin.ai.pathing.AbstractBlockStateMixin
[17:30:31] [main/INFO]: Injecting BlockStateBase cache population hook into getAllFlags from me.jellysquid.mods.lithium.mixin.util.block_tracking.AbstractBlockStateMixin
[17:30:34] [main/WARN]: @Inject(@At("INVOKE")) Shift.BY=2 on accessories-common.mixins.json:NbtCompoundMixin from mod accessories::handler$zzm000$accessories$adjustCheckForListVariants exceeds the maximum allowed value: 0. Increase the value of maxShiftBy to suppress this warning.
[17:30:35] [main/WARN]: Static binding violation: PRIVATE @Overwrite method method_21740 in modernfix-common.mixins.json:perf.remove_biome_temperature_cache.BiomeMixin from mod modernfix cannot reduce visibiliy of PUBLIC target method, visibility will be upgraded.
[17:30:35] [main/WARN]: Method overwrite conflict for method_21740 in modernfix-common.mixins.json:perf.remove_biome_temperature_cache.BiomeMixin from mod modernfix, previously written by me.jellysquid.mods.lithium.mixin.world.temperature_cache.BiomeMixin. Skipping method.
[17:30:35] [main/INFO]: Vanilla bootstrap took 6369 milliseconds
[17:30:36] [main/INFO]: Registering Listeners!
[17:30:36] [main/INFO]: Reflections took 261 ms to scan 1 urls, producing 4 keys and 55 values
[17:30:36] [main/INFO]: Registered synced data key backpacked:unlock_tracker for minecraft:player
[17:30:36] [main/INFO]: Registered synced data key backpacked:trader_pickpocketing for minecraft:wandering_trader
[17:30:36] [main/INFO]: Registered synced data key backpacked:backpack for minecraft:player
[17:30:36] [main/INFO]: Registered synced data key backpacked:backpacks for minecraft:player
[17:30:36] [main/INFO]: Registered synced data key backpacked:cosmetic_backpack for minecraft:player
[17:30:36] [main/INFO]: Registered synced data key backpacked:selected_backpack for minecraft:player
[17:30:36] [main/INFO]: Registered synced data key backpacked:unlockable_backpack_slots for minecraft:player
[17:30:36] [main/INFO]: Registered synced data key backpacked:immortal_cooldown for minecraft:player
[17:30:36] [main/INFO]: Registered synced data key backpacked:backpack_scale for minecraft:player
[17:30:37] [main/INFO]: Mod proxy balm:permissions resolved as net.blay09.mods.balm.fabric.compat.FabricPermissionsAPIIntegration@7e6a2cb5
[17:30:37] [main/INFO]: Loading Collective version 8.39.
[17:30:38] [main/INFO]: fabric loader environment detected
[17:30:38] [main/INFO]: Enabled 34 bug fixes: [MC-2025, MC-7569, MC-8187, MC-14923, MC-30391, MC-31819, MC-69216, MC-72151, MC-88371, MC-89146, MC-90084, MC-93018, MC-100991, MC-119417, MC-119754, MC-121706, MC-121903, MC-124117, MC-129909, MC-132878, MC-135971, MC-155509, MC-160095, MC-179072, MC-183990, MC-193343, MC-199467, MC-200418, MC-206922, MC-215530, MC-223153, MC-224729, MC-231743, MC-232869]
[17:30:38] [main/INFO]: Successfully Debugify'd your game!
[17:30:38] [main/INFO]: [Dynamic Lights] MidnightLib detected!
[17:30:38] [main/INFO]: [Dynamic Lights] Registering server started event ...
[17:30:38] [main/INFO]: [Dynamic Lights] Loaded Dynamic Lights by Tschipcraft successfully!
[17:30:39] [main/INFO]: Bypassed Mojang DFU
[17:30:39] [main/INFO]: Instantiating Mojang DFU
[17:30:40] [main/ERROR]: No data fixer registered for anomaly
[17:30:41] [main/INFO]: Initialize mod Library Ferret
[17:30:41] [main/INFO]: Initialized mod Library Ferret
[17:30:42] [main/INFO]: [ServerCore] Loaded V1.5.2+1.20.1!
[17:30:42] [main/INFO]: Registered region minecraft:overworld to index 0 for type OVERWORLD
[17:30:42] [main/INFO]: Registered region minecraft:nether to index 0 for type NETHER
[17:30:42] [main/INFO]: Registered region biomesoplenty:overworld_primary to index 1 for type OVERWORLD
[17:30:42] [main/INFO]: Registered region biomesoplenty:overworld_secondary to index 2 for type OVERWORLD
[17:30:42] [main/INFO]: Registered region biomesoplenty:overworld_rare to index 3 for type OVERWORLD
[17:30:42] [main/INFO]: Registered region biomesoplenty:nether_common to index 1 for type NETHER
[17:30:42] [main/INFO]: Registered region biomesoplenty:nether_rare to index 2 for type NETHER
[17:30:42] [main/INFO]: Environment: authHost='https://authserver.mojang.com', accountsHost='https://api.mojang.com', sessionHost='https://sessionserver.mojang.com', servicesHost='https://api.minecraftservices.com', name='PROD'
[17:30:44] [main/INFO]: StructureSet modified for minecraft:village : Now using custom village configuration (can be disabled in the better villages config: boolean.villages.enabled_custom_config).
[17:30:46] [main/INFO]: [fabric-registry-sync] Loaded registry data [file 1/4]
[17:30:50] [main/INFO]: Loaded 13 recipes
[17:30:50] [main/ERROR]: Failed to load function xfermium:nxf/load_rlixld_dj0pz56l
java.util.concurrent.CompletionException: java.lang.IllegalArgumentException: Whilst parsing command on line 1: Incorrect argument for command at position 9: gamerule <--[HERE]
	at java.util.concurrent.CompletableFuture.encodeThrowable(CompletableFuture.java:315) ~[?:?]
	at java.util.concurrent.CompletableFuture.completeThrowable(CompletableFuture.java:320) ~[?:?]
	at java.util.concurrent.CompletableFuture$AsyncSupply.run(CompletableFuture.java:1770) ~[?:?]
	at java.util.concurrent.CompletableFuture$AsyncSupply.exec(CompletableFuture.java:1760) ~[?:?]
	at java.util.concurrent.ForkJoinTask.doExec(ForkJoinTask.java:373) ~[?:?]
	at java.util.concurrent.ForkJoinPool$WorkQueue.topLevelExec(ForkJoinPool.java:1182) ~[?:?]
	at java.util.concurrent.ForkJoinPool.scan(ForkJoinPool.java:1655) ~[?:?]
	at java.util.concurrent.ForkJoinPool.runWorker(ForkJoinPool.java:1622) ~[?:?]
	at java.util.concurrent.ForkJoinWorkerThread.run(ForkJoinWorkerThread.java:165) ~[?:?]
Caused by: java.lang.IllegalArgumentException: Whilst parsing command on line 1: Incorrect argument for command at position 9: gamerule <--[HERE]
	at net.minecraft.class_2158.method_9195(class_2158.java:63) ~[server-intermediary.jar:?]
	at net.minecraft.class_5349.method_29451(class_5349.java:83) ~[server-intermediary.jar:?]
	at java.util.concurrent.CompletableFuture$AsyncSupply.run(CompletableFuture.java:1768) ~[?:?]
	... 6 more
[17:30:50] [main/ERROR]: Failed to load function fokus:vd/cores/1.21.11
java.util.concurrent.CompletionException: java.lang.IllegalArgumentException: Whilst parsing command on line 1: Unknown item 'minecraft:netherite_horse_armor' at position 8: give @s <--[HERE]
	at java.util.concurrent.CompletableFuture.encodeThrowable(CompletableFuture.java:315) ~[?:?]
	at java.util.concurrent.CompletableFuture.completeThrowable(CompletableFuture.java:320) ~[?:?]
	at java.util.concurrent.CompletableFuture$AsyncSupply.run(CompletableFuture.java:1770) ~[?:?]
	at java.util.concurrent.CompletableFuture$AsyncSupply.exec(CompletableFuture.java:1760) ~[?:?]
	at java.util.concurrent.ForkJoinTask.doExec(ForkJoinTask.java:373) ~[?:?]
	at java.util.concurrent.ForkJoinPool$WorkQueue.topLevelExec(ForkJoinPool.java:1182) ~[?:?]
	at java.util.concurrent.ForkJoinPool.scan(ForkJoinPool.java:1655) ~[?:?]
	at java.util.concurrent.ForkJoinPool.runWorker(ForkJoinPool.java:1622) ~[?:?]
	at java.util.concurrent.ForkJoinWorkerThread.run(ForkJoinWorkerThread.java:165) ~[?:?]
Caused by: java.lang.IllegalArgumentException: Whilst parsing command on line 1: Unknown item 'minecraft:netherite_horse_armor' at position 8: give @s <--[HERE]
	at net.minecraft.class_2158.method_9195(class_2158.java:63) ~[server-intermediary.jar:?]
	at net.minecraft.class_5349.method_29451(class_5349.java:83) ~[server-intermediary.jar:?]
	at java.util.concurrent.CompletableFuture$AsyncSupply.run(CompletableFuture.java:1768) ~[?:?]
	... 6 more
[17:30:50] [main/ERROR]: Failed to load function fokus:vd/cores/1.21
java.util.concurrent.CompletionException: java.lang.IllegalArgumentException: Whilst parsing command on line 1: Invalid or unknown entity type 'minecraft:breeze' at position 26: ...y @e[type=<--[HERE]
	at java.util.concurrent.CompletableFuture.encodeThrowable(CompletableFuture.java:315) ~[?:?]
	at java.util.concurrent.CompletableFuture.completeThrowable(CompletableFuture.java:320) ~[?:?]
	at java.util.concurrent.CompletableFuture$AsyncSupply.run(CompletableFuture.java:1770) ~[?:?]
	at java.util.concurrent.CompletableFuture$AsyncSupply.exec(CompletableFuture.java:1760) ~[?:?]
	at java.util.concurrent.ForkJoinTask.doExec(ForkJoinTask.java:373) ~[?:?]
	at java.util.concurrent.ForkJoinPool$WorkQueue.topLevelExec(ForkJoinPool.java:1182) ~[?:?]
	at java.util.concurrent.ForkJoinPool.scan(ForkJoinPool.java:1655) ~[?:?]
	at java.util.concurrent.ForkJoinPool.runWorker(ForkJoinPool.java:1622) ~[?:?]
	at java.util.concurrent.ForkJoinWorkerThread.run(ForkJoinWorkerThread.java:165) ~[?:?]
Caused by: java.lang.IllegalArgumentException: Whilst parsing command on line 1: Invalid or unknown entity type 'minecraft:breeze' at position 26: ...y @e[type=<--[HERE]
	at net.minecraft.class_2158.method_9195(class_2158.java:63) ~[server-intermediary.jar:?]
	at net.minecraft.class_5349.method_29451(class_5349.java:83) ~[server-intermediary.jar:?]
	at java.util.concurrent.CompletableFuture$AsyncSupply.run(CompletableFuture.java:1768) ~[?:?]
	... 6 more
[17:30:50] [main/ERROR]: Failed to load function fokus:nxf/_ignored_bffhan5h
java.util.concurrent.CompletionException: java.lang.IllegalArgumentException: Whilst parsing command on line 1: Unknown or incomplete command, see below for error at position 0: <--[HERE]
	at java.util.concurrent.CompletableFuture.encodeThrowable(CompletableFuture.java:315) ~[?:?]
	at java.util.concurrent.CompletableFuture.completeThrowable(CompletableFuture.java:320) ~[?:?]
	at java.util.concurrent.CompletableFuture$AsyncSupply.run(CompletableFuture.java:1770) ~[?:?]
	at java.util.concurrent.CompletableFuture$AsyncSupply.exec(CompletableFuture.java:1760) ~[?:?]
	at java.util.concurrent.ForkJoinTask.doExec(ForkJoinTask.java:373) ~[?:?]
	at java.util.concurrent.ForkJoinPool$WorkQueue.topLevelExec(ForkJoinPool.java:1182) ~[?:?]
	at java.util.concurrent.ForkJoinPool.scan(ForkJoinPool.java:1655) ~[?:?]
	at java.util.concurrent.ForkJoinPool.runWorker(ForkJoinPool.java:1622) ~[?:?]
	at java.util.concurrent.ForkJoinWorkerThread.run(ForkJoinWorkerThread.java:165) ~[?:?]
Caused by: java.lang.IllegalArgumentException: Whilst parsing command on line 1: Unknown or incomplete command, see below for error at position 0: <--[HERE]
	at net.minecraft.class_2158.method_9195(class_2158.java:63) ~[server-intermediary.jar:?]
	at net.minecraft.class_5349.method_29451(class_5349.java:83) ~[server-intermediary.jar:?]
	at java.util.concurrent.CompletableFuture$AsyncSupply.run(CompletableFuture.java:1768) ~[?:?]
	... 6 more
[17:30:50] [main/ERROR]: Failed to load function xfermium:nxf/_ignored_lowtick_msgjw3yy4j
java.util.concurrent.CompletionException: java.lang.IllegalArgumentException: Whilst parsing command on line 1: Incorrect argument for command at position 9: gamerule <--[HERE]
	at java.util.concurrent.CompletableFuture.encodeThrowable(CompletableFuture.java:315) ~[?:?]
	at java.util.concurrent.CompletableFuture.completeThrowable(CompletableFuture.java:320) ~[?:?]
	at java.util.concurrent.CompletableFuture$AsyncSupply.run(CompletableFuture.java:1770) ~[?:?]
	at java.util.concurrent.CompletableFuture$AsyncSupply.exec(CompletableFuture.java:1760) ~[?:?]
	at java.util.concurrent.ForkJoinTask.doExec(ForkJoinTask.java:373) ~[?:?]
	at java.util.concurrent.ForkJoinPool$WorkQueue.topLevelExec(ForkJoinPool.java:1182) ~[?:?]
	at java.util.concurrent.ForkJoinPool.scan(ForkJoinPool.java:1655) ~[?:?]
	at java.util.concurrent.ForkJoinPool.runWorker(ForkJoinPool.java:1622) ~[?:?]
	at java.util.concurrent.ForkJoinWorkerThread.run(ForkJoinWorkerThread.java:165) ~[?:?]
Caused by: java.lang.IllegalArgumentException: Whilst parsing command on line 1: Incorrect argument for command at position 9: gamerule <--[HERE]
	at net.minecraft.class_2158.method_9195(class_2158.java:63) ~[server-intermediary.jar:?]
	at net.minecraft.class_5349.method_29451(class_5349.java:83) ~[server-intermediary.jar:?]
	at java.util.concurrent.CompletableFuture$AsyncSupply.run(CompletableFuture.java:1768) ~[?:?]
	... 6 more
[17:30:50] [main/ERROR]: Failed to load function xfermium:nxf/lowtick_9gzb6j2x
java.util.concurrent.CompletionException: java.lang.IllegalArgumentException: Whilst parsing command on line 1: Incorrect argument for command at position 9: gamerule <--[HERE]
	at java.util.concurrent.CompletableFuture.encodeThrowable(CompletableFuture.java:315) ~[?:?]
	at java.util.concurrent.CompletableFuture.completeThrowable(CompletableFuture.java:320) ~[?:?]
	at java.util.concurrent.CompletableFuture$AsyncSupply.run(CompletableFuture.java:1770) ~[?:?]
	at java.util.concurrent.CompletableFuture$AsyncSupply.exec(CompletableFuture.java:1760) ~[?:?]
	at java.util.concurrent.ForkJoinTask.doExec(ForkJoinTask.java:373) ~[?:?]
	at java.util.concurrent.ForkJoinPool$WorkQueue.topLevelExec(ForkJoinPool.java:1182) ~[?:?]
	at java.util.concurrent.ForkJoinPool.scan(ForkJoinPool.java:1655) ~[?:?]
	at java.util.concurrent.ForkJoinPool.runWorker(ForkJoinPool.java:1622) ~[?:?]
	at java.util.concurrent.ForkJoinWorkerThread.run(ForkJoinWorkerThread.java:165) ~[?:?]
Caused by: java.lang.IllegalArgumentException: Whilst parsing command on line 1: Incorrect argument for command at position 9: gamerule <--[HERE]
	at net.minecraft.class_2158.method_9195(class_2158.java:63) ~[server-intermediary.jar:?]
	at net.minecraft.class_5349.method_29451(class_5349.java:83) ~[server-intermediary.jar:?]
	at java.util.concurrent.CompletableFuture$AsyncSupply.run(CompletableFuture.java:1768) ~[?:?]
	... 6 more
[17:30:50] [main/ERROR]: Failed to load function fokus:vd/cores/1.21.4
java.util.concurrent.CompletionException: java.lang.IllegalArgumentException: Whilst parsing command on line 1: Unknown block type 'minecraft:open_eyeblossom' at position 23: ...ock 0 0 0 <--[HERE]
	at java.util.concurrent.CompletableFuture.encodeThrowable(CompletableFuture.java:315) ~[?:?]
	at java.util.concurrent.CompletableFuture.completeThrowable(CompletableFuture.java:320) ~[?:?]
	at java.util.concurrent.CompletableFuture$AsyncSupply.run(CompletableFuture.java:1770) ~[?:?]
	at java.util.concurrent.CompletableFuture$AsyncSupply.exec(CompletableFuture.java:1760) ~[?:?]
	at java.util.concurrent.ForkJoinTask.doExec(ForkJoinTask.java:373) ~[?:?]
	at java.util.concurrent.ForkJoinPool$WorkQueue.topLevelExec(ForkJoinPool.java:1182) ~[?:?]
	at java.util.concurrent.ForkJoinPool.scan(ForkJoinPool.java:1655) ~[?:?]
	at java.util.concurrent.ForkJoinPool.runWorker(ForkJoinPool.java:1622) ~[?:?]
	at java.util.concurrent.ForkJoinWorkerThread.run(ForkJoinWorkerThread.java:165) ~[?:?]
Caused by: java.lang.IllegalArgumentException: Whilst parsing command on line 1: Unknown block type 'minecraft:open_eyeblossom' at position 23: ...ock 0 0 0 <--[HERE]
	at net.minecraft.class_2158.method_9195(class_2158.java:63) ~[server-intermediary.jar:?]
	at net.minecraft.class_5349.method_29451(class_5349.java:83) ~[server-intermediary.jar:?]
	at java.util.concurrent.CompletableFuture$AsyncSupply.run(CompletableFuture.java:1768) ~[?:?]
	... 6 more
[17:30:50] [main/ERROR]: Failed to load function fokus:vd/cores/1.21.5
java.util.concurrent.CompletionException: java.lang.IllegalArgumentException: Whilst parsing command on line 1: Invalid or unknown entity type 'minecraft:creaking' at position 26: ...y @e[type=<--[HERE]
	at java.util.concurrent.CompletableFuture.encodeThrowable(CompletableFuture.java:315) ~[?:?]
	at java.util.concurrent.CompletableFuture.completeThrowable(CompletableFuture.java:320) ~[?:?]
	at java.util.concurrent.CompletableFuture$AsyncSupply.run(CompletableFuture.java:1770) ~[?:?]
	at java.util.concurrent.CompletableFuture$AsyncSupply.exec(CompletableFuture.java:1760) ~[?:?]
	at java.util.concurrent.ForkJoinTask.doExec(ForkJoinTask.java:373) ~[?:?]
	at java.util.concurrent.ForkJoinPool$WorkQueue.topLevelExec(ForkJoinPool.java:1182) ~[?:?]
	at java.util.concurrent.ForkJoinPool.scan(ForkJoinPool.java:1655) ~[?:?]
	at java.util.concurrent.ForkJoinPool.runWorker(ForkJoinPool.java:1622) ~[?:?]
	at java.util.concurrent.ForkJoinWorkerThread.run(ForkJoinWorkerThread.java:165) ~[?:?]
Caused by: java.lang.IllegalArgumentException: Whilst parsing command on line 1: Invalid or unknown entity type 'minecraft:creaking' at position 26: ...y @e[type=<--[HERE]
	at net.minecraft.class_2158.method_9195(class_2158.java:63) ~[server-intermediary.jar:?]
	at net.minecraft.class_5349.method_29451(class_5349.java:83) ~[server-intermediary.jar:?]
	at java.util.concurrent.CompletableFuture$AsyncSupply.run(CompletableFuture.java:1768) ~[?:?]
	... 6 more
[17:30:50] [main/ERROR]: Failed to load function fokus:vd/cores/1.21.2
java.util.concurrent.CompletionException: java.lang.IllegalArgumentException: Whilst parsing command on line 1: Unknown item 'minecraft:blue_bundle' at position 8: give @s <--[HERE]
	at java.util.concurrent.CompletableFuture.encodeThrowable(CompletableFuture.java:315) ~[?:?]
	at java.util.concurrent.CompletableFuture.completeThrowable(CompletableFuture.java:320) ~[?:?]
	at java.util.concurrent.CompletableFuture$AsyncSupply.run(CompletableFuture.java:1770) ~[?:?]
	at java.util.concurrent.CompletableFuture$AsyncSupply.exec(CompletableFuture.java:1760) ~[?:?]
	at java.util.concurrent.ForkJoinTask.doExec(ForkJoinTask.java:373) ~[?:?]
	at java.util.concurrent.ForkJoinPool$WorkQueue.topLevelExec(ForkJoinPool.java:1182) ~[?:?]
	at java.util.concurrent.ForkJoinPool.scan(ForkJoinPool.java:1655) ~[?:?]
	at java.util.concurrent.ForkJoinPool.runWorker(ForkJoinPool.java:1622) ~[?:?]
	at java.util.concurrent.ForkJoinWorkerThread.run(ForkJoinWorkerThread.java:165) ~[?:?]
Caused by: java.lang.IllegalArgumentException: Whilst parsing command on line 1: Unknown item 'minecraft:blue_bundle' at position 8: give @s <--[HERE]
	at net.minecraft.class_2158.method_9195(class_2158.java:63) ~[server-intermediary.jar:?]
	at net.minecraft.class_5349.method_29451(class_5349.java:83) ~[server-intermediary.jar:?]
	at java.util.concurrent.CompletableFuture$AsyncSupply.run(CompletableFuture.java:1768) ~[?:?]
	... 6 more
[17:30:50] [main/ERROR]: Failed to load function fokus:nxf/kp4o6wh
java.util.concurrent.CompletionException: java.lang.IllegalArgumentException: Whilst parsing command on line 1: Expected whitespace to end one argument, but found trailing data at position 18: ... function <--[HERE]
	at java.util.concurrent.CompletableFuture.encodeThrowable(CompletableFuture.java:315) ~[?:?]
	at java.util.concurrent.CompletableFuture.completeThrowable(CompletableFuture.java:320) ~[?:?]
	at java.util.concurrent.CompletableFuture$AsyncSupply.run(CompletableFuture.java:1770) ~[?:?]
	at java.util.concurrent.CompletableFuture$AsyncSupply.exec(CompletableFuture.java:1760) ~[?:?]
	at java.util.concurrent.ForkJoinTask.doExec(ForkJoinTask.java:373) ~[?:?]
	at java.util.concurrent.ForkJoinPool$WorkQueue.topLevelExec(ForkJoinPool.java:1182) ~[?:?]
	at java.util.concurrent.ForkJoinPool.scan(ForkJoinPool.java:1655) ~[?:?]
	at java.util.concurrent.ForkJoinPool.runWorker(ForkJoinPool.java:1622) ~[?:?]
	at java.util.concurrent.ForkJoinWorkerThread.run(ForkJoinWorkerThread.java:165) ~[?:?]
Caused by: java.lang.IllegalArgumentException: Whilst parsing command on line 1: Expected whitespace to end one argument, but found trailing data at position 18: ... function <--[HERE]
	at net.minecraft.class_2158.method_9195(class_2158.java:63) ~[server-intermediary.jar:?]
	at net.minecraft.class_5349.method_29451(class_5349.java:83) ~[server-intermediary.jar:?]
	at java.util.concurrent.CompletableFuture$AsyncSupply.run(CompletableFuture.java:1768) ~[?:?]
	... 6 more
[17:30:50] [main/ERROR]: Failed to load function xfermium:nxf/load_rlixld_ulhg
java.util.concurrent.CompletionException: java.lang.IllegalArgumentException: Whilst parsing command on line 1: Incorrect argument for command at position 9: gamerule <--[HERE]
	at java.util.concurrent.CompletableFuture.encodeThrowable(CompletableFuture.java:315) ~[?:?]
	at java.util.concurrent.CompletableFuture.completeThrowable(CompletableFuture.java:320) ~[?:?]
	at java.util.concurrent.CompletableFuture$AsyncSupply.run(CompletableFuture.java:1770) ~[?:?]
	at java.util.concurrent.CompletableFuture$AsyncSupply.exec(CompletableFuture.java:1760) ~[?:?]
	at java.util.concurrent.ForkJoinTask.doExec(ForkJoinTask.java:373) ~[?:?]
	at java.util.concurrent.ForkJoinPool$WorkQueue.topLevelExec(ForkJoinPool.java:1182) ~[?:?]
	at java.util.concurrent.ForkJoinPool.scan(ForkJoinPool.java:1655) ~[?:?]
	at java.util.concurrent.ForkJoinPool.runWorker(ForkJoinPool.java:1622) ~[?:?]
	at java.util.concurrent.ForkJoinWorkerThread.run(ForkJoinWorkerThread.java:165) ~[?:?]
Caused by: java.lang.IllegalArgumentException: Whilst parsing command on line 1: Incorrect argument for command at position 9: gamerule <--[HERE]
	at net.minecraft.class_2158.method_9195(class_2158.java:63) ~[server-intermediary.jar:?]
	at net.minecraft.class_5349.method_29451(class_5349.java:83) ~[server-intermediary.jar:?]
	at java.util.concurrent.CompletableFuture$AsyncSupply.run(CompletableFuture.java:1768) ~[?:?]
	... 6 more
[17:30:50] [main/ERROR]: Failed to load function fokus:vd/cores/1.20.2
java.util.concurrent.CompletionException: java.lang.IllegalArgumentException: Whilst parsing command on line 1: Unknown or incomplete command, see below for error at position 0: <--[HERE]
	at java.util.concurrent.CompletableFuture.encodeThrowable(CompletableFuture.java:315) ~[?:?]
	at java.util.concurrent.CompletableFuture.completeThrowable(CompletableFuture.java:320) ~[?:?]
	at java.util.concurrent.CompletableFuture$AsyncSupply.run(CompletableFuture.java:1770) ~[?:?]
	at java.util.concurrent.CompletableFuture$AsyncSupply.exec(CompletableFuture.java:1760) ~[?:?]
	at java.util.concurrent.ForkJoinTask.doExec(ForkJoinTask.java:373) ~[?:?]
	at java.util.concurrent.ForkJoinPool$WorkQueue.topLevelExec(ForkJoinPool.java:1182) ~[?:?]
	at java.util.concurrent.ForkJoinPool.scan(ForkJoinPool.java:1655) ~[?:?]
	at java.util.concurrent.ForkJoinPool.runWorker(ForkJoinPool.java:1622) ~[?:?]
	at java.util.concurrent.ForkJoinWorkerThread.run(ForkJoinWorkerThread.java:165) ~[?:?]
Caused by: java.lang.IllegalArgumentException: Whilst parsing command on line 1: Unknown or incomplete command, see below for error at position 0: <--[HERE]
	at net.minecraft.class_2158.method_9195(class_2158.java:63) ~[server-intermediary.jar:?]
	at net.minecraft.class_5349.method_29451(class_5349.java:83) ~[server-intermediary.jar:?]
	at java.util.concurrent.CompletableFuture$AsyncSupply.run(CompletableFuture.java:1768) ~[?:?]
	... 6 more
[17:30:50] [main/ERROR]: Failed to load function fokus:nxf/11z33h0q4
java.util.concurrent.CompletionException: java.lang.IllegalArgumentException: Whilst parsing command on line 1: Unknown criterion 'minecraft.custom:minecraft.play_one_minute'
	at java.util.concurrent.CompletableFuture.encodeThrowable(CompletableFuture.java:315) ~[?:?]
	at java.util.concurrent.CompletableFuture.completeThrowable(CompletableFuture.java:320) ~[?:?]
	at java.util.concurrent.CompletableFuture$AsyncSupply.run(CompletableFuture.java:1770) ~[?:?]
	at java.util.concurrent.CompletableFuture$AsyncSupply.exec(CompletableFuture.java:1760) ~[?:?]
	at java.util.concurrent.ForkJoinTask.doExec(ForkJoinTask.java:373) ~[?:?]
	at java.util.concurrent.ForkJoinPool$WorkQueue.topLevelExec(ForkJoinPool.java:1182) ~[?:?]
	at java.util.concurrent.ForkJoinPool.scan(ForkJoinPool.java:1655) ~[?:?]
	at java.util.concurrent.ForkJoinPool.runWorker(ForkJoinPool.java:1622) ~[?:?]
	at java.util.concurrent.ForkJoinWorkerThread.run(ForkJoinWorkerThread.java:165) ~[?:?]
Caused by: java.lang.IllegalArgumentException: Whilst parsing command on line 1: Unknown criterion 'minecraft.custom:minecraft.play_one_minute'
	at net.minecraft.class_2158.method_9195(class_2158.java:63) ~[server-intermediary.jar:?]
	at net.minecraft.class_5349.method_29451(class_5349.java:83) ~[server-intermediary.jar:?]
	at java.util.concurrent.CompletableFuture$AsyncSupply.run(CompletableFuture.java:1768) ~[?:?]
	... 6 more
[17:30:50] [main/ERROR]: Failed to load function fokus:vd/cores/1.21.9
java.util.concurrent.CompletionException: java.lang.IllegalArgumentException: Whilst parsing command on line 1: Incorrect argument for command at position 22: ...s ~ ~ ~ ~ <--[HERE]
	at java.util.concurrent.CompletableFuture.encodeThrowable(CompletableFuture.java:315) ~[?:?]
	at java.util.concurrent.CompletableFuture.completeThrowable(CompletableFuture.java:320) ~[?:?]
	at java.util.concurrent.CompletableFuture$AsyncSupply.run(CompletableFuture.java:1770) ~[?:?]
	at java.util.concurrent.CompletableFuture$AsyncSupply.exec(CompletableFuture.java:1760) ~[?:?]
	at java.util.concurrent.ForkJoinTask.doExec(ForkJoinTask.java:373) ~[?:?]
	at java.util.concurrent.ForkJoinPool$WorkQueue.topLevelExec(ForkJoinPool.java:1182) ~[?:?]
	at java.util.concurrent.ForkJoinPool.scan(ForkJoinPool.java:1655) ~[?:?]
	at java.util.concurrent.ForkJoinPool.runWorker(ForkJoinPool.java:1622) ~[?:?]
	at java.util.concurrent.ForkJoinWorkerThread.run(ForkJoinWorkerThread.java:165) ~[?:?]
Caused by: java.lang.IllegalArgumentException: Whilst parsing command on line 1: Incorrect argument for command at position 22: ...s ~ ~ ~ ~ <--[HERE]
	at net.minecraft.class_2158.method_9195(class_2158.java:63) ~[server-intermediary.jar:?]
	at net.minecraft.class_5349.method_29451(class_5349.java:83) ~[server-intermediary.jar:?]
	at java.util.concurrent.CompletableFuture$AsyncSupply.run(CompletableFuture.java:1768) ~[?:?]
	... 6 more
[17:30:50] [main/ERROR]: Failed to load function fokus:vd/cores/1.21.6
java.util.concurrent.CompletionException: java.lang.IllegalArgumentException: Whilst parsing command on line 1: Incorrect argument for command at position 49: ...block.bit <--[HERE]
	at java.util.concurrent.CompletableFuture.encodeThrowable(CompletableFuture.java:315) ~[?:?]
	at java.util.concurrent.CompletableFuture.completeThrowable(CompletableFuture.java:320) ~[?:?]
	at java.util.concurrent.CompletableFuture$AsyncSupply.run(CompletableFuture.java:1770) ~[?:?]
	at java.util.concurrent.CompletableFuture$AsyncSupply.exec(CompletableFuture.java:1760) ~[?:?]
	at java.util.concurrent.ForkJoinTask.doExec(ForkJoinTask.java:373) ~[?:?]
	at java.util.concurrent.ForkJoinPool$WorkQueue.topLevelExec(ForkJoinPool.java:1182) ~[?:?]
	at java.util.concurrent.ForkJoinPool.scan(ForkJoinPool.java:1655) ~[?:?]
	at java.util.concurrent.ForkJoinPool.runWorker(ForkJoinPool.java:1622) ~[?:?]
	at java.util.concurrent.ForkJoinWorkerThread.run(ForkJoinWorkerThread.java:165) ~[?:?]
Caused by: java.lang.IllegalArgumentException: Whilst parsing command on line 1: Incorrect argument for command at position 49: ...block.bit <--[HERE]
	at net.minecraft.class_2158.method_9195(class_2158.java:63) ~[server-intermediary.jar:?]
	at net.minecraft.class_5349.method_29451(class_5349.java:83) ~[server-intermediary.jar:?]
	at java.util.concurrent.CompletableFuture$AsyncSupply.run(CompletableFuture.java:1768) ~[?:?]
	... 6 more
[17:30:50] [main/ERROR]: Failed to load function fokus:vd/cores/1.21.7
java.util.concurrent.CompletionException: java.lang.IllegalArgumentException: Whilst parsing command on line 1: Unknown item 'minecraft:music_disc_lava_chicken' at position 8: give @s <--[HERE]
	at java.util.concurrent.CompletableFuture.encodeThrowable(CompletableFuture.java:315) ~[?:?]
	at java.util.concurrent.CompletableFuture.completeThrowable(CompletableFuture.java:320) ~[?:?]
	at java.util.concurrent.CompletableFuture$AsyncSupply.run(CompletableFuture.java:1770) ~[?:?]
	at java.util.concurrent.CompletableFuture$AsyncSupply.exec(CompletableFuture.java:1760) ~[?:?]
	at java.util.concurrent.ForkJoinTask.doExec(ForkJoinTask.java:373) ~[?:?]
	at java.util.concurrent.ForkJoinPool$WorkQueue.topLevelExec(ForkJoinPool.java:1182) ~[?:?]
	at java.util.concurrent.ForkJoinPool.scan(ForkJoinPool.java:1655) ~[?:?]
	at java.util.concurrent.ForkJoinPool.runWorker(ForkJoinPool.java:1622) ~[?:?]
	at java.util.concurrent.ForkJoinWorkerThread.run(ForkJoinWorkerThread.java:165) ~[?:?]
Caused by: java.lang.IllegalArgumentException: Whilst parsing command on line 1: Unknown item 'minecraft:music_disc_lava_chicken' at position 8: give @s <--[HERE]
	at net.minecraft.class_2158.method_9195(class_2158.java:63) ~[server-intermediary.jar:?]
	at net.minecraft.class_5349.method_29451(class_5349.java:83) ~[server-intermediary.jar:?]
	at java.util.concurrent.CompletableFuture$AsyncSupply.run(CompletableFuture.java:1768) ~[?:?]
	... 6 more
[17:30:50] [main/INFO]: Loaded 1669 advancements
[17:30:50] [Thread-5/INFO]: Loaded 58 translation keys
[17:30:50] [main/WARN]: Initial datapack load took 7.364 s
[17:30:50] [main/INFO]: Initialized TerraBlender biomes for level stem minecraft:the_nether
[17:30:51] [main/INFO]: Initialized TerraBlender biomes for level stem minecraft:overworld
[17:30:51] [main/INFO]: Applied 410 biome modifications to 129 of 134 new biomes in 74.81 ms
[17:30:51] [Server thread/INFO]: Loading server configs...
[17:30:52] [Server thread/INFO]: Starting background profiler...
[17:30:53] [Server thread/INFO]: Starting minecraft server version 1.20.1
[17:30:53] [Server thread/INFO]: Loading properties
[17:30:53] [Server thread/INFO]: Default game type: SURVIVAL
[17:30:53] [Server thread/INFO]: Generating keypair
[17:30:53] [Server thread/INFO]: Starting Minecraft server on *:25565
[17:30:53] [Server thread/INFO]: Using epoll channel type
[17:30:53] [Server thread/WARN]: **** SERVER IS RUNNING IN OFFLINE/INSECURE MODE!
[17:30:53] [Server thread/WARN]: The server will make no attempt to authenticate usernames. Beware.
[17:30:53] [Server thread/WARN]: While this makes the game possible to play without internet access, it also opens up the ability for hackers to connect with any username they choose.
[17:30:53] [Server thread/WARN]: To change this, set "online-mode" to "true" in the server.properties file.
[17:30:54] [Server thread/INFO]: Preparing level "world"
[17:30:55] [Server thread/INFO]: Preparing start region for dimension minecraft:overworld
[17:30:55] [Server thread/WARN]: Method overwrite conflict for removeIf in modernfix-common.mixins.json:bugfix.paper_chunk_patches.SortedArraySetMixin from mod modernfix, previously written by me.jellysquid.mods.lithium.mixin.world.chunk_tickets.SortedArraySetMixin. Skipping method.
[17:31:00] [Server thread/INFO]: Preparing spawn area: 0%
[17:31:00] [Server thread/INFO]: Preparing spawn area: 0%
[17:31:01] [Server thread/INFO]: Preparing spawn area: 0%
[17:31:01] [Server thread/INFO]: Preparing spawn area: 0%
[17:31:01] [Server thread/INFO]: Preparing spawn area: 0%
[17:31:01] [Server thread/INFO]: Preparing spawn area: 0%
[17:31:01] [Server thread/INFO]: Preparing spawn area: 0%
[17:31:01] [Server thread/INFO]: Preparing spawn area: 0%
[17:31:01] [Server thread/INFO]: Preparing spawn area: 0%
[17:31:01] [Server thread/INFO]: Preparing spawn area: 0%
[17:31:01] [Server thread/INFO]: Preparing spawn area: 0%
[17:31:01] [Server thread/INFO]: Preparing spawn area: 0%
[17:31:01] [Server thread/INFO]: Preparing spawn area: 0%
[17:31:01] [Server thread/INFO]: Preparing spawn area: 0%
[17:31:02] [Server thread/INFO]: Preparing spawn area: 0%
[17:31:02] [Server thread/INFO]: Preparing spawn area: 0%
[17:31:04] [Server thread/INFO]: Time elapsed: 9085 ms
[17:31:04] [Server thread/INFO]: Done (10.132s)! For help, type "help"
[17:31:04] [Server thread/WARN]: Dedicated server took 43.326 seconds to load
[17:31:04] [Server thread/INFO]: 464 woodcutting recipes loaded
[17:31:04] [Server thread/INFO]: [Dynamic Lights] Sending global config to world ...
[17:31:33] [Server thread/INFO]: soypro1972[/127.147.79.32:56951] logged in with entity id 158 at (-488.70608890982055, 73.0, 938.7454988229683)
[17:31:33] [Server thread/INFO]: soypro1972 joined the game
[17:31:39] [Server thread/INFO]: CarlyJeannine[/127.111.14.34:37927] logged in with entity id 161 at (-489.2735375303493, 74.0, 932.791367868118)
[17:31:39] [Server thread/INFO]: CarlyJeannine joined the game
[17:32:16] [Server thread/INFO]: Villager class_1646['Farmer'/37, l='ServerLevel[world]', x=-504.50, y=71.00, z=876.70] died, message: 'Farmer was slain by Zombie'
[17:35:08] [Server thread/INFO]: soypro1972 was slain by Iron Golem
[17:35:29] [Server thread/INFO]: soypro1972 was slain by Iron Golem
[17:36:24] [Server thread/INFO]: soypro1972 was slain by Iron Golem
[17:36:32] [Server thread/INFO]: [soypro1972: Set own game mode to Creative Mode]
[17:37:22] [Server thread/INFO]: [soypro1972: Set own game mode to Survival Mode]
[17:39:34] [Server thread/INFO]: [soypro1972: Set own game mode to Creative Mode]
[17:39:57] [Server thread/INFO]: [soypro1972: Set own game mode to Survival Mode]
[17:40:44] [Server thread/INFO]: [soypro1972: Teleported soypro1972 to CarlyJeannine]
[17:40:53] [Server thread/INFO]: [Not Secure] <CarlyJeannine> ?
[17:41:54] [Server thread/INFO]: [soypro1972: Set own game mode to Spectator Mode]
[17:42:41] [Server thread/INFO]: [soypro1972: Set own game mode to Survival Mode]
[17:42:42] [Server thread/INFO]: [soypro1972: Set own game mode to Spectator Mode]
[17:42:43] [Server thread/INFO]: [soypro1972: Set own game mode to Survival Mode]
[17:42:44] [Server thread/INFO]: [soypro1972: Set own game mode to Spectator Mode]
[17:42:45] [Server thread/INFO]: [soypro1972: Set own game mode to Survival Mode]
[17:42:49] [Server thread/INFO]: [soypro1972: Set own game mode to Spectator Mode]
[17:42:52] [Server thread/INFO]: [soypro1972: Set own game mode to Survival Mode]
[17:42:55] [Server thread/INFO]: [soypro1972: Set own game mode to Spectator Mode]
[17:42:57] [Server thread/INFO]: [soypro1972: Set own game mode to Survival Mode]
[17:42:58] [Server thread/INFO]: soypro1972 fell from a high place
[17:43:10] [Server thread/INFO]: [soypro1972: Set own game mode to Creative Mode]
[17:44:27] [Server thread/INFO]: [soypro1972: Set own game mode to Survival Mode]
[17:46:09] [Server thread/INFO]: CarlyJeannine lost connection: Disconnected
[17:46:09] [Server thread/INFO]: CarlyJeannine left the game
[17:46:12] [Server thread/INFO]: [soypro1972: Set own game mode to Creative Mode]
[17:46:17] [Server thread/INFO]: [soypro1972: Set own game mode to Survival Mode]
[17:46:22] [Server thread/INFO]: [soypro1972: Set own game mode to Creative Mode]
[17:46:34] [Server thread/INFO]: [soypro1972: Set own game mode to Survival Mode]
[17:47:54] [Server thread/INFO]: CarlyJeannine[/127.111.14.34:44035] logged in with entity id 7041 at (-883.7595878473762, 9.0, 973.679723504735)
[17:47:54] [Server thread/INFO]: CarlyJeannine joined the game
[17:49:09] [Server thread/INFO]: CarlyJeannine burned to death
[17:51:58] [Server thread/WARN]: Can't keep up! Is the server overloaded? Running 2004ms or 40 ticks behind
[17:52:54] [Server thread/INFO]: [Not Secure] <CarlyJeannine> meto mods de forge? para ir a probarlos
[17:53:15] [Server thread/INFO]: [Not Secure] <CarlyJeannine> vale no me tardo
[17:53:23] [Server thread/INFO]: [Not Secure] <CarlyJeannine> cuando ya los tenga cierro el server y te lo paso
[17:53:32] [Server thread/INFO]: CarlyJeannine lost connection: Disconnected
[17:53:32] [Server thread/INFO]: CarlyJeannine left the game
[17:56:39] [Server thread/INFO]: [soypro1972: Set own game mode to Creative Mode]
[17:56:48] [Server thread/INFO]: [soypro1972: Set own game mode to Survival Mode]
[17:57:00] [Server thread/INFO]: soypro1972 was blown up by Creeper
[17:57:05] [Server thread/INFO]: [soypro1972: Set own game mode to Creative Mode]
[17:57:07] [Server thread/INFO]: [soypro1972: Set own game mode to Survival Mode]
[17:57:08] [Server thread/INFO]: [soypro1972: Set own game mode to Creative Mode]
[17:57:09] [Server thread/INFO]: [soypro1972: Set own game mode to Spectator Mode]
[17:57:11] [Server thread/INFO]: [soypro1972: Set own game mode to Creative Mode]
[17:57:13] [Server thread/INFO]: [soypro1972: Set own game mode to Spectator Mode]
[17:58:37] [Server thread/INFO]: [soypro1972: Set own game mode to Creative Mode]
[17:59:52] [Server thread/INFO]: [soypro1972: Set own game mode to Spectator Mode]
[17:59:54] [Server thread/INFO]: [soypro1972: Set own game mode to Creative Mode]
[17:59:55] [Server thread/INFO]: [soypro1972: Set own game mode to Survival Mode]
[18:00:31] [Server thread/INFO]: [soypro1972: Gave 100 [Bottle o' Enchanting] to soypro1972]
[18:01:25] [Server thread/INFO]: soypro1972 has made the advancement [Eye Spy]
[18:04:53] [Server thread/INFO]: [soypro1972: Set own game mode to Creative Mode]
[18:04:56] [Server thread/INFO]: [soypro1972: Set own game mode to Survival Mode]
[18:04:59] [Server thread/INFO]: [soypro1972: Set own game mode to Creative Mode]
[18:05:12] [Server thread/INFO]: [soypro1972: Set own game mode to Survival Mode]
[18:08:07] [Server thread/INFO]: [soypro1972: Set own game mode to Creative Mode]
[18:08:10] [Server thread/INFO]: [soypro1972: Set own game mode to Survival Mode]
[18:09:00] [Server thread/INFO]: [soypro1972: Set own game mode to Creative Mode]
[18:09:01] [Server thread/INFO]: [soypro1972: Set own game mode to Survival Mode]
[18:09:02] [Server thread/INFO]: [soypro1972: Set own game mode to Spectator Mode]
[18:09:10] [Server thread/INFO]: [soypro1972: Set own game mode to Survival Mode]
[18:10:07] [Server thread/INFO]: [soypro1972: Gave 150 [Bottle o' Enchanting] to soypro1972]
[18:16:41] [Server thread/INFO]: soypro1972 has made the advancement [The End?]
[18:16:43] [Server thread/WARN]: Can't keep up! Is the server overloaded? Running 3543ms or 70 ticks behind
[18:16:46] [Server thread/INFO]: Scanning for legacy world dragon fight...
[18:16:46] [Server thread/INFO]: Found that the dragon has not yet been killed in this world.
[18:18:51] [Server thread/INFO]: soypro1972 has made the advancement [Ol' Betsy]
[18:23:26] [Server thread/INFO]: soypro1972 was slain by Enderman
